// Jest Snapshot v1, https://goo.gl/fbAQLP

exports[`should render ExpenseListItem with expense 1`] = `
<div>
  <Link
    to="/edit/2"
  >
    <h3>
      beer
    </h3>
  </Link>
  <p>
    1200
     - 
    -345600000
  </p>
</div>
`;
